14:39:03 **** Auto Build of configuration Debug for project PL ****
make pre-build main-build 
a9-linaro-pre-build-step
' '
'Building file: ../src/Lwip_main.c'
'Invoking: ARM v7 gcc compiler'
arm-none-eabi-gcc -Wall -O0 -g3 -c -fmessage-length=0 -MT"src/Lwip_main.o" -mcpu=cortex-a9 -mfpu=vfpv3 -mfloat-abi=hard -I../../PL_bsp/ps7_cortexa9_0/include -MMD -MP -MF"src/Lwip_main.d" -MT"src/Lwip_main.o" -o "src/Lwip_main.o" "../src/Lwip_main.c"
../src/Lwip_main.c:30:0: warning: "COUNTS_PER_SECOND" redefined
 #define COUNTS_PER_SECOND    (XPAR_CPU_CORTEXA9_CORE_CLOCK_FREQ_HZ / 64)
 
In file included from ../src/Lwip_main.c:21:0:
../../PL_bsp/ps7_cortexa9_0/include/xtime_l.h:81:0: note: this is the location of the previous definition
 #define COUNTS_PER_SECOND          (XPAR_CPU_CORTEXA9_CORE_CLOCK_FREQ_HZ /2)
 
../src/Lwip_main.c: In function 'init_intr_sys':
../src/Lwip_main.c:59:2: warning: implicit declaration of function 'Setup_Intr_Exception' [-Wimplicit-function-declaration]
  Setup_Intr_Exception(&Intc);
  ^~~~~~~~~~~~~~~~~~~~
../src/Lwip_main.c: In function 'main':
../src/Lwip_main.c:141:21: warning: unused variable 'pcb' [-Wunused-variable]
     struct udp_pcb *pcb=connected_pcb;
                     ^~~
../src/Lwip_main.c:140:18: warning: unused variable 'pbuf_to_be_sent' [-Wunused-variable]
     struct pbuf *pbuf_to_be_sent;
                  ^~~~~~~~~~~~~~~
../src/Lwip_main.c:138:9: warning: unused variable 'tUsed' [-Wunused-variable]
     u32 tUsed;
         ^~~~~
../src/Lwip_main.c:137:16: warning: unused variable 'tCur' [-Wunused-variable]
     XTime tEnd,tCur;
                ^~~~
../src/Lwip_main.c:137:11: warning: unused variable 'tEnd' [-Wunused-variable]
     XTime tEnd,tCur;
           ^~~~
../src/Lwip_main.c:126:10: warning: unused variable 'ReadFlag1' [-Wunused-variable]
     char ReadFlag1=0;
          ^~~~~~~~~
At top level:
../src/Lwip_main.c:89:5: warning: 'IntcInitFunction' defined but not used [-Wunused-function]
 int IntcInitFunction(u16 DeviceId)
     ^~~~~~~~~~~~~~~~
'Finished building: ../src/Lwip_main.c'
' '
'Building target: PL.elf'
'Invoking: ARM v7 gcc linker'
arm-none-eabi-gcc -mcpu=cortex-a9 -mfpu=vfpv3 -mfloat-abi=hard -Wl,-build-id=none -specs=Xilinx.spec -Wl,-T -Wl,../src/lscript.ld -L../../PL_bsp/ps7_cortexa9_0/lib -o "PL.elf"  ./src/Lwip_main.o ./src/sys_intr.o ./src/udp_transmission.o   -Wl,--start-group,-lxil,-lgcc,-lc,--end-group -Wl,--start-group,-lxil,-llwip4,-lgcc,-lc,--end-group
'Finished building target: PL.elf'
' '
'Invoking: ARM v7 Print Size'
arm-none-eabi-size PL.elf  |tee "PL.elf.size"
   text	   data	    bss	    dec	    hex	filename
 137168	   4236	19978544	20119948	133018c	PL.elf
'Finished building: PL.elf.size'
' '

14:39:08 Build Finished (took 4s.336ms)

